// Jest Snapshot v1, https://goo.gl/fbAQLP

exports[`<NavLinks /> should render snapshot 1`] = `Array []`;
